// Jest Snapshot v1, https://goo.gl/fbAQLP

exports[`Articles Panel Component snapshot of ArticlePanel 1`] = `<div />`;
