// Jest Snapshot v1, https://goo.gl/fbAQLP

exports[`Sources Panel Component snapshot of SourcePanel 1`] = `<div />`;
